Divyesh@LAPTOP-MCA2PCCR MINGW64~
$ cd Desktop/911581-Git_handsons

Divyesh@LAPTOP-MCA2PCCR MINGW64 ~/Desktop/911581-git_handson
$ git version
git version 2.31.0.windows.1
Divyesh@LAPTOP-MCA2PCCR MINGW64 ~/Desktop/911581-git_handson
$ git config --global user.name "Divyesh"

Divyesh@LAPTOP-MCA2PCCR MINGW64 ~/Desktop/911581-git_handson
$ git config --global user.email "divyesh18@gmail.com"

Divyesh@LAPTOP-MCA2PCCR MINGW64 ~/Desktop/911581-git_handson
$ git config --global --list
user.name=Divyesh
user.email=divyesh18@gmail.com

Divyesh@LAPTOP-MCA2PCCR MINGW64 ~/Desktop/911581-git_handson
$ git init
Initialized empty Git repository in  C:/Users/Divyesh/.git

Divyesh@LAPTOP-MCA2PCCR MINGW64 ~/Desktop/911581-git_handson (master)
$ ls -al
total 52
drwxr-xr-x 1 Divyesh 197121  0 Jun  5 19:42 ./
drwxr-xr-x 1 Divyesh 197121  0 Jun  5 19:39 ../
drwxr-xr-x 1 Divyesh 197121  0 Jun  5 19:55 .git/


Divyesh@LAPTOP-MCA2PCCR MINGW64 ~/Desktop/911581-git_handson (master)
$ echo "Welcome to the version control" >> welcome.txt

Divyesh@LAPTOP-MCA2PCCR MINGW64 ~/Desktop/911581-git_handson (master)
$ ls -al
total 53
drwxr-xr-x 1 Divyesh 197121  0 Jun  5 19:42 ./
drwxr-xr-x 1 Divyesh 197121  0 Jun  5 19:39 ../
drwxr-xr-x 1 Divyesh 197121  0 Jun  5 19:55 .git/
-rw-r--r-- 1 Divyesh 197121 31 Jun  5 19:42 welcome.txt

Divyesh@LAPTOP-MCA2PCCR MINGW64 ~/Desktop/911581-git_handson (master)
$ cat welcome.txt
Welcome to the version control

Divyesh@LAPTOP-MCA2PCCR MINGW64 ~/Desktop/911581-git_handson (master)
$ git status
On branch master

No commits yet

Untracked files:
  (use "git add <file>..." to include in what will be committed)
        welcome.txt

nothing added to commit but untracked files present (use "git add" to track)

Divyesh@LAPTOP-MCA2PCCR MINGW64 ~/Desktop/911581-git_handson (master)
$ git add welcome.txt
warning: LF will be replaced by CRLF in welcome.txt.
The file will have its original line endings in your working directory

Divyesh@LAPTOP-MCA2PCCR MINGW64 ~/Desktop/911581-Git_handson (master)
$ git commit -m "first commit"
[master (root-commit) aee8f95] first commit
 1 file changed, 1 insertion(+)
 create mode 100644 welcome.txt

Divyesh@LAPTOP-MCA2PCCR MINGW64 ~/Desktop/911581-git_handson(master)
$ git status
On branch master
nothing to commit, working tree clean

Divyesh@LAPTOP-MCA2PCCR MINGW64 ~/Desktop/911581-Git_handson (master)
$ git remote add origin https://github.com/divyeshh/angular-springrest-handson.git

Divyesh@LAPTOP-MCA2PCCR MINGW64 ~/Desktop/911581-Git_handson (master)
$ git push origin master
Enumerating objects: 3, done.
Counting objects: 100% (3/3), done.
Writing objects: 100% (3/3), 243 bytes | 243.00 KiB/s, done.
Total 3 (delta 0), reused 0 (delta 0), pack-reused 0
remote:
remote: Create a pull request for 'master' on GitHub by visiting:
remote:      https://github.com/divyeshh/angular-springrest-handson/pull/new/master
remote:
To https://github.com/divyeshh/angular-springrest-handson.git
 * [new branch]      master -> master
